// Jest Snapshot v1, https://goo.gl/fbAQLP

exports[`Checking page deployment Button component matches snapshot 1`] = `
<button
  type="button"
/>
`;
