// Jest Snapshot v1, https://goo.gl/fbAQLP

exports[`Checking page deployment Calculator component matches snapshot 1`] = `
<div
  id="container"
>
  <table>
    <tbody>
      <tr
        className="display-values"
      >
        <th>
          0
        </th>
      </tr>
      <tr
        className="row"
      >
        <td>
          <button
            className="grey"
            name="AC"
            onClick={[Function]}
            type="button"
          >
            AC
          </button>
           
        </td>
        <td>
          <button
            className="grey"
            name="+/-"
            onClick={[Function]}
            type="button"
          >
            +/-
          </button>
        </td>
        <td>
          <button
            className="grey"
            name="%"
            onClick={[Function]}
            type="button"
          >
            %
          </button>
        </td>
        <td>
          <button
            className="orange"
            name="รท"
            onClick={[Function]}
            type="button"
          >
            รท
          </button>
        </td>
      </tr>
      <tr
        className="row"
      >
        <td>
          <button
            className="grey"
            name="7"
            onClick={[Function]}
            type="button"
          >
            7
          </button>
        </td>
        <td>
          <button
            className="grey"
            name="8"
            onClick={[Function]}
            type="button"
          >
            8
          </button>
        </td>
        <td>
          <button
            className="grey"
            name="9"
            onClick={[Function]}
            type="button"
          >
            9
          </button>
        </td>
        <td>
          <button
            className="orange"
            name="x"
            onClick={[Function]}
            type="button"
          >
            x
          </button>
        </td>
      </tr>
      <tr
        className="row"
      >
        <td>
          <button
            className="grey"
            name="4"
            onClick={[Function]}
            type="button"
          >
            4
          </button>
        </td>
        <td>
          <button
            className="grey"
            name="5"
            onClick={[Function]}
            type="button"
          >
            5
          </button>
        </td>
        <td>
          <button
            className="grey"
            name="6"
            onClick={[Function]}
            type="button"
          >
            6
          </button>
        </td>
        <td>
          <button
            className="orange"
            name="-"
            onClick={[Function]}
            type="button"
          >
            -
          </button>
        </td>
      </tr>
      <tr
        className="row"
      >
        <td>
          <button
            className="grey"
            name="1"
            onClick={[Function]}
            type="button"
          >
            1
          </button>
        </td>
        <td>
          <button
            className="grey"
            name="2"
            onClick={[Function]}
            type="button"
          >
            2
          </button>
        </td>
        <td>
          <button
            className="grey"
            name="3"
            onClick={[Function]}
            type="button"
          >
            3
          </button>
        </td>
        <td>
          <button
            className="orange"
            name="+"
            onClick={[Function]}
            type="button"
          >
            +
          </button>
        </td>
      </tr>
      <tr
        className="row"
      >
        <td
          colSpan={2}
        >
          <button
            className="grey"
            id="last"
            name="0"
            onClick={[Function]}
            type="button"
          >
            0
          </button>
        </td>
        <td>
          <button
            className="grey"
            name="."
            onClick={[Function]}
            type="button"
          >
            .
          </button>
        </td>
        <td>
          <button
            className="orange"
            name="="
            onClick={[Function]}
            type="button"
          >
            =
          </button>
        </td>
      </tr>
    </tbody>
  </table>
</div>
`;
