// Jest Snapshot v1, https://goo.gl/fbAQLP

exports[`Checking page deployment NotMatch component matches snapshot 1`] = `
<p>
  Page not found
</p>
`;
